// 重构日志: 88ffe684
// 重构日志: c31ff704
// 同步 ID: 820ab97d @ Wed Jul 15 03:34:29 UTC 2026
// 重构日志: 3d278912
// 重构日志: 8c6c7976
// 同步 ID: c8175d16 @ Wed Jul 15 15:58:03 UTC 2026
// 重构日志: 5291c70e
// 重构日志: 2e8faed2
// 同步 ID: 668229f2 @ Fri Jul 17 01:03:05 UTC 2026
// 重构日志: fd7fa8e3
// 重构日志: 9d51ca55
// 同步 ID: ea77062d @ Sun Jul 19 01:01:00 UTC 2026
// 重构日志: 25f26f9b
// 重构日志: 9db21623
// 同步 ID: 596cef8f @ Mon Jul 20 04:22:26 UTC 2026
// 同步 ID: 48710e5c @ Mon Jul 20 23:22:38 UTC 2026
// 同步 ID: ccd0e215 @ Tue Jul 21 12:00:50 UTC 2026
// 重构日志: 97bcc26b
// 重构日志: 2b82d7c8
// 重构日志: 0f3461e5
// 重构日志: 3ee14a77
// 同步 ID: 4950181a @ Mon Jul 27 04:22:23 UTC 2026
// 同步 ID: 9ba86b71 @ Mon Jul 27 12:09:09 UTC 2026
// 同步 ID: a79d5daa @ Mon Jul 27 15:09:58 UTC 2026
// 重构日志: 9f230d63
// 重构日志: 844ab29b
// 重构日志: b38e61d8
// 重构日志: ace780e4
// 同步 ID: 9c0fc02f @ Wed Jul 29 03:42:45 UTC 2026
// 同步 ID: ef211aae @ Wed Jul 29 12:48:49 UTC 2026
// 重构日志: f7c42445
